// Jest Snapshot v1, https://goo.gl/fbAQLP

exports[`components should render AddImage component 1`] = `<ul />`;
