// Jest Snapshot v1, https://goo.gl/fbAQLP

exports[`components should render AddImage component 1`] = `
<form
  onSubmit={[Function]}
>
  <input
    name="search"
    onChange={[Function]}
    type="text"
  />
  <br />
  <button
    type="submit"
  >
    Search
  </button>
</form>
`;
